Microchip MPLAB XC8 Compiler V2.36

Linker command line:

-W-3 --edf=C:\Program Files\Microchip\xc8\v2.36\pic\dat\en_msgs.txt -cn \
  -h+dist/default/production\PIC18.X.production.sym \
  --cmf=dist/default/production\PIC18.X.production.cmf -z -Q18F452 \
  -oC:\Users\Admin\AppData\Local\Temp\xcAs4u0.4 --defsym=__MPLAB_BUILD=1 \
  -Mdist/default/production/PIC18.X.production.map \
  --md=C:\Users\Admin\AppData\Local\Temp\xcAs4u0.dat -E1 -ver=XC8 Compiler \
  -ACODE=00h-03FFFhx2 -ACONST=00h-07FFFh -ASMALLCONST=0600h-06FFhx122 \
  -AMEDIUMCONST=0600h-07FFFh -ACOMRAM=01h-07Fh -AABS1=00h-05FFh \
  -ABIGRAM=01h-05FFh -ARAM=080h-0FFh,0100h-01FFhx5 -ABANK0=080h-0FFh \
  -ABANK1=0100h-01FFh -ABANK2=0200h-02FFh -ABANK3=0300h-03FFh \
  -ABANK4=0400h-04FFh -ABANK5=0500h-05FFh -ASFR=0F80h-0FFFh \
  -ABIGSFR=0F80h-0FFFh -ACONFIG=0300000h-030000Dh -AIDLOC=0200000h-0200007h \
  -AEEDATA=0F00000h-0F000FFh -peeprom_data=EEDATA \
  -preset_vec=00h,intcode=08h,intcodelo,powerup,init -pramtop=0600h \
  -psmallconst=SMALLCONST -pmediumconst=MEDIUMCONST -pconst=CONST \
  -AFARRAM=00h-00h \
  -prdata=COMRAM,nvrram=COMRAM,nvbit=COMRAM,rbss=COMRAM,rbit=COMRAM \
  -pfarbss=FARRAM,fardata=FARRAM,nvFARRAM=FARRAM \
  -pintsave_regs=BIGRAM,bigbss=BIGRAM,bigdata=BIGRAM -pbss=RAM \
  -pidata=CODE,irdata=CODE,ibigdata=CODE,ifardata=CODE -prparam=COMRAM \
  C:\Users\Admin\AppData\Local\Temp\xcAs4u0.o \
  dist/default/production\PIC18.X.production.o 

Object code version is 3.11

Machine type is 18F452



                Name                               Link     Load   Length Selector   Space Scale
C:\Users\Admin\AppData\Local\Temp\xcAs4u0.o
                idloc                            200000   200000        8        0       5
                config                           300000   300000        E        0       4
                text                                7E8      7E8        2      365       0
                init                                 12       12        4        4       0
                reset_vec                             0        0        6        0       0
dist/default/production\PIC18.X.production.o
                intcode                               8        8        A        4       0
                idloc                            200000   200000        8        0       5
                config                           300000   300000        E        0       4
                temp                                 13       13        1        1       1
                smallconst                          600      600       CA      300       0
                text3                               7D0      7D0       18      365       0
                text2                               6CA      6CA       56      365       0
                text1                               76A      76A       38      365       0
                text0                               720      720       4A      365       0
                cstackCOMRAM                          E        E        5        1       1
                bssBANK1                            100      100       FF      100       1
                bssCOMRAM                             1        1        D        1       1
                cinit                               7A2      7A2       2E      365       0

TOTAL           Name                               Link     Load   Length     Space
        CLASS   CODE           
                intcode                               8        8        A         0
                text                                7E8      7E8        2         0
                init                                 12       12        4         0
                reset_vec                             0        0        6         0
                text3                               7D0      7D0       18         0
                text2                               6CA      6CA       56         0
                text1                               76A      76A       38         0
                text0                               720      720       4A         0
                cinit                               7A2      7A2       2E         0

        CLASS   CONST          

        CLASS   SMALLCONST     
                smallconst                          600      600       CA         0

        CLASS   MEDIUMCONST    

        CLASS   COMRAM         
                temp                                 13       13        1         1
                cstackCOMRAM                          E        E        5         1
                bssCOMRAM                             1        1        D         1

        CLASS   ABS1           

        CLASS   BIGRAM         

        CLASS   RAM            

        CLASS   BANK0          

        CLASS   BANK1          
                bssBANK1                            100      100       FF         1

        CLASS   BANK2          

        CLASS   BANK3          

        CLASS   BANK4          

        CLASS   BANK5          

        CLASS   SFR            

        CLASS   BIGSFR         

        CLASS   CONFIG         
                config                           300000   300000        E         4

        CLASS   IDLOC          
                idloc                            200000   200000        8         5

        CLASS   EEDATA         

        CLASS   FARRAM         

        CLASS   HEAP           

        CLASS   STACK          



SEGMENTS        Name                           Load    Length   Top    Selector   Space  Class

                reset_vec                      000000  000006  000006         0       0  CODE    
                bssCOMRAM                      000001  000013  000014         1       1  COMRAM  
                intcode                        000008  00000E  000016         4       0  CODE    
                bssBANK1                       000100  0000FF  0001FF       100       1  BANK1   
                smallconst                     000600  0000CA  0006CA       300       0  SMALLCON
                text2                          0006CA  000120  0007EA       365       0  CODE    


UNUSED ADDRESS RANGES

        Name                Unused          Largest block    Delta
        BANK0            000080-0000FF               80
        BANK1            0001FF-0001FF                1
        BANK2            000200-0002FF              100
        BANK3            000300-0003FF              100
        BANK4            000400-0004FF              100
        BANK5            000500-0005FF              100
        BIGRAM           000014-0000FF               EC
                         0001FF-0005FF              401
        BIGSFR           000F80-000FFF               80
        CODE             000006-000007                2
                         000016-0005FF              5EA
                         0007EA-007FFF             3816
        COMRAM           000014-00007F               6C
        CONST            000006-000007                2
                         000016-0005FF              5EA
                         0007EA-007FFF             7816
        EEDATA           F00000-F000FF              100
        MEDIUMCONST      0007EA-007FFF             7816
        RAM              000080-0000FF               80
                         0001FF-0005FF              100
        SFR              000F80-000FFF               80
        SMALLCONST       0007EA-007FFF              100

                                  Symbol Table

SoftUARTPrint@str                                           cstackCOMRAM 000011
SoftUARTTransmitByte@data                                   cstackCOMRAM 00000E
SoftUARTTransmitByte@k                                      cstackCOMRAM 000010
SoftUARTTransmitByte@tmp                                    cstackCOMRAM 00000F
_BRGH                                                       (abs)        007D62
_CREN                                                       (abs)        007D5C
_DecVar                                                     bssCOMRAM    000005
_INT0IE                                                     (abs)        007F94
_INT0IF                                                     (abs)        007F91
_INTCON                                                     (abs)        000FF2
_INTCON2                                                    (abs)        000FF1
_INTCON3                                                    (abs)        000FF0
_INTCONbits                                                 (abs)        000FF2
_IO                                                         (abs)        000F80
_IPR1                                                       (abs)        000F9F
_IPR2                                                       (abs)        000FA2
_IncVar                                                     bssCOMRAM    000001
_Isr                                                        intcode      000008
_OERR                                                       (abs)        007D59
_PEIE                                                       (abs)        007F96
_PIE1                                                       (abs)        000F9D
_PIE2                                                       (abs)        000FA0
_PIR1                                                       (abs)        000F9E
_PIR2                                                       (abs)        000FA1
_RCIF                                                       (abs)        007CF5
_RCREG                                                      (abs)        000FAE
_RCSTA                                                      (abs)        000FAB
_RxFIFO                                                     bssBANK1     000100
_Rxfifocurrent                                              bssCOMRAM    00000C
_Rxfifoptr                                                  bssCOMRAM    00000D
_Rxstatus                                                   bssCOMRAM    00000B
_SPBRG                                                      (abs)        000FAF
_SYNC                                                       (abs)        007D64
_SoftUARTInit                                               text3        0007D0
_SoftUARTPrint                                              text1        00076A
_SoftUARTTransmitByte                                       text2        0006CA
_T0CON                                                      (abs)        000FD5
_TMR0                                                       (abs)        000FD6
_TRMT                                                       (abs)        007D61
_TXREG                                                      (abs)        000FAD
_TXSTA                                                      (abs)        000FAC
__HRAM                                                      (abs)        000000
__Habs1                                                     abs1         000000
__Hbank0                                                    bank0        000000
__Hbank1                                                    bank1        000000
__Hbank2                                                    bank2        000000
__Hbank3                                                    bank3        000000
__Hbank4                                                    bank4        000000
__Hbank5                                                    bank5        000000
__Hbigbss                                                   bigbss       000000
__Hbigdata                                                  bigdata      000000
__Hbigram                                                   bigram       000000
__Hbigsfr                                                   bigsfr       000000
__Hbss                                                      bss          000000
__HbssBANK1                                                 bssBANK1     000000
__HbssCOMRAM                                                bssCOMRAM    000000
__Hcinit                                                    cinit        000000
__Hclrtext                                                  clrtext      000000
__Hcomram                                                   comram       000000
__Hconfig                                                   config       30000E
__Hconst                                                    const        000000
__HcstackCOMRAM                                             cstackCOMRAM 000000
__Hdata                                                     data         000000
__Heeprom_data                                              eeprom_data  000000
__Hfarbss                                                   farbss       000000
__Hfardata                                                  fardata      000000
__Hheap                                                     heap         000000
__Hibigdata                                                 ibigdata     000000
__Hidata                                                    idata        000000
__Hidloc                                                    idloc        200008
__Hifardata                                                 ifardata     000000
__Hinit                                                     init         000016
__Hintcode                                                  intcode      000012
__Hintcode_body                                             intcode_body 000000
__Hintcodelo                                                intcodelo    000012
__Hintentry                                                 intentry     000000
__Hintret                                                   intret       000000
__Hintsave_regs                                             intsave_regs 000000
__Hirdata                                                   irdata       000000
__Hmediumconst                                              mediumconst  000000
__HnvFARRAM                                                 nvFARRAM     000000
__Hnvbit                                                    nvbit        000000
__Hnvrram                                                   nvrram       000000
__Hparam                                                    rparam       000000
__Hpowerup                                                  powerup      000012
__Hram                                                      ram          000000
__Hramtop                                                   ramtop       000600
__Hrbit                                                     rbit         000000
__Hrbss                                                     rbss         000000
__Hrdata                                                    rdata        000000
__Hreset_vec                                                reset_vec    000006
__Hrparam                                                   rparam       000000
__Hsfr                                                      sfr          000000
__Hsmallconst                                               smallconst   0006CA
__Hspace_0                                                  (abs)        0007EA
__Hspace_1                                                  (abs)        0001FF
__Hspace_2                                                  (abs)        000000
__Hspace_4                                                  (abs)        60000E
__Hstack                                                    stack        000000
__Hstruct                                                   struct       000000
__Htemp                                                     temp         000014
__Htext                                                     text         000000
__Htext0                                                    text0        000000
__Htext1                                                    text1        000000
__Htext2                                                    text2        000000
__Htext3                                                    text3        000000
__LRAM                                                      (abs)        000001
__Labs1                                                     abs1         000000
__Lbank0                                                    bank0        000000
__Lbank1                                                    bank1        000000
__Lbank2                                                    bank2        000000
__Lbank3                                                    bank3        000000
__Lbank4                                                    bank4        000000
__Lbank5                                                    bank5        000000
__Lbigbss                                                   bigbss       000000
__Lbigdata                                                  bigdata      000000
__Lbigram                                                   bigram       000000
__Lbigsfr                                                   bigsfr       000000
__Lbss                                                      bss          000000
__LbssBANK1                                                 bssBANK1     000000
__LbssCOMRAM                                                bssCOMRAM    000000
__Lcinit                                                    cinit        000000
__Lclrtext                                                  clrtext      000000
__Lcomram                                                   comram       000000
__Lconfig                                                   config       000000
__Lconst                                                    const        000000
__LcstackCOMRAM                                             cstackCOMRAM 000000
__Ldata                                                     data         000000
__Leeprom_data                                              eeprom_data  000000
__Lfarbss                                                   farbss       000000
__Lfardata                                                  fardata      000000
__Lheap                                                     heap         000000
__Libigdata                                                 ibigdata     000000
__Lidata                                                    idata        000000
__Lidloc                                                    idloc        000000
__Lifardata                                                 ifardata     000000
__Linit                                                     init         000012
__Lintcode                                                  intcode      000008
__Lintcode_body                                             intcode_body 000000
__Lintcodelo                                                intcodelo    000012
__Lintentry                                                 intentry     000000
__Lintret                                                   intret       000000
__Lintsave_regs                                             intsave_regs 000000
__Lirdata                                                   irdata       000000
__Lmediumconst                                              mediumconst  000000
__LnvFARRAM                                                 nvFARRAM     000000
__Lnvbit                                                    nvbit        000000
__Lnvrram                                                   nvrram       000000
__Lparam                                                    rparam       000000
__Lpowerup                                                  powerup      000012
__Lram                                                      ram          000000
__Lramtop                                                   ramtop       000600
__Lrbit                                                     rbit         000000
__Lrbss                                                     rbss         000000
__Lrdata                                                    rdata        000000
__Lreset_vec                                                reset_vec    000000
__Lrparam                                                   rparam       000000
__Lsfr                                                      sfr          000000
__Lsmallconst                                               smallconst   000600
__Lspace_0                                                  (abs)        000000
__Lspace_1                                                  (abs)        000000
__Lspace_2                                                  (abs)        000000
__Lspace_4                                                  (abs)        000000
__Lstack                                                    stack        000000
__Lstruct                                                   struct       000000
__Ltemp                                                     temp         000013
__Ltext                                                     text         000000
__Ltext0                                                    text0        000000
__Ltext1                                                    text1        000000
__Ltext2                                                    text2        000000
__Ltext3                                                    text3        000000
__S0                                                        (abs)        0007EA
__S1                                                        (abs)        0001FF
__S4                                                        (abs)        000000
__S5                                                        (abs)        000000
___heap_hi                                                  (abs)        000000
___heap_lo                                                  (abs)        000000
___inthi_sp                                                 stack        000000
___intlo_sp                                                 stack        000000
___param_bank                                               (abs)        000000
___rparam_used                                              (abs)        000001
___sp                                                       stack        000000
__accesstop                                                 (abs)        000080
__activetblptr                                              (abs)        000002
__cntErrataNOP_C:\Users\Admin\AppData\Local\Temp\xcAs4u0.o  (abs)        000001
__cntErrataNOP_dist/default/production\PIC18.X.production.o (abs)        000013
__end_of_Isr                                                intcode      000012
__end_of_OSC_FREQ                                           smallconst   000602
__end_of_SoftUARTInit                                       text3        0007E8
__end_of_SoftUARTPrint                                      text1        0007A2
__end_of_SoftUARTTransmitByte                               text2        000720
__end_of__initialization                                    cinit        0007C2
__end_of_main                                               text0        00076A
__initialization                                            cinit        0007A2
__mediumconst                                               mediumconst  000000
__pbssBANK1                                                 bssBANK1     000100
__pbssCOMRAM                                                bssCOMRAM    000001
__pcinit                                                    cinit        0007A2
__pcstackCOMRAM                                             cstackCOMRAM 00000E
__pintcode                                                  intcode      000008
__psmallconst                                               smallconst   000600
__ptext0                                                    text0        000720
__ptext1                                                    text1        00076A
__ptext2                                                    text2        0006CA
__ptext3                                                    text3        0007D0
__ramtop                                                    ramtop       000600
__smallconst                                                smallconst   000600
_main                                                       text0        000720
_val                                                        bssCOMRAM    000009
btemp                                                       temp         000013
end_of_initialization                                       cinit        0007C2
int$flags                                                   temp         000013
intlevel0                                                   text         0007E8
intlevel1                                                   text         0007E8
intlevel2                                                   text         0007E8
intlevel3                                                   text         0007E8
isa$std                                                     (abs)        000001
isa$xinst                                                   (abs)        000000
stackhi                                                     (abs)        000000
stacklo                                                     (abs)        000000
start                                                       init         000012
start_initialization                                        cinit        0007A2
ttemp5                                                      temp         000014
ttemp6                                                      temp         000017
ttemp7                                                      temp         00001B
wtemp8                                                      temp         000014


MODULE INFORMATION

Module		Function		Class		Link	Load	Size
shared
		_OSC_FREQ      		SMALLCONST     	0000	0000	0
		__initialization		CODE           	07A2	0000	32

shared estimated size: 32

Src/SoftwareUART.c
		_SoftUARTInit  		CODE           	07D0	0000	24
		_SoftUARTPrint 		CODE           	076A	0000	56
		_SoftUARTTransmitByte		CODE           	06CA	0000	86

Src/SoftwareUART.c estimated size: 166

Src/main.c
		_main          		CODE           	0720	0000	74

Src/main.c estimated size: 74

Src/ISR.c
		_Isr           		CODE           	0008	0000	10

Src/ISR.c estimated size: 10

